Domination.java:35:13: compiler.err.pattern.dominated
Domination.java:44:13: compiler.err.pattern.dominated
Domination.java:53:13: compiler.err.pattern.dominated
3 errors
