GuardsErrors.java:35:36: compiler.err.cant.ref.non.effectively.final.var: check, (compiler.misc.guard)
1 error
